NUMERIC GATE: 32 worked values recomputed
  . every worked number matches an independent recomputation
  . every recomputed value appears in the manual
FORMULA GATE: 0 formulas checked, 0 must-memorise boxes and 0 worked examples and 0 named laws scanned
  . every formula states what each of its symbols means, right where it is used
  . every must-memorise box either defines its symbols or is a named reference table
  . every numeric worked example opens with Given / Find / Formula
  . every named law is stated as a law, with its conditions and limit
VERBATIM GATE: 24 AS PRINTED boxes, 24 verified against 4 transcripts
  . every quoted question matches its transcript verbatim
  x reverse direction: 55 question parts we hold are quoted nowhere in the book:
      2025-2026 Q1a
      2025-2026 Q2a
      2025-2026 Q3a
      2025-2026 Q3b
      2025-2026 Q3c
      2025-2026 Q4a
      2025-2026 Q4d
      2025-2026 Q5a
      2025-2026 Q5b
      2025-2026 Q6a
      2025-2026 Q6b
      2025-2026 Q6c
      2024-2025 Q2b
      2024-2025 Q3b
      2024-2025 Q4c
      2024-2025 Q5
      2024-2025 Q6a
      2024-2025 Q6b
      2023-2024 Q3b
      2023-2024 Q3c
      2023-2024 Q4a
      2023-2024 Q4b
      2023-2024 Q4c
      2023-2024 Q5a
      2023-2024 Q5b
      2023-2024 Q5c
      2023-2024 Q5d
      2021-2022 Q1a
      2021-2022 Q1b
      2021-2022 Q1c
      2021-2022 Q2a
      2021-2022 Q2b
      2021-2022 Q2c
      2021-2022 Q3a
      2021-2022 Q3b
      2021-2022 Q3c
      2021-2022 Q4a
      2021-2022 Q4b
      2021-2022 Q4c
      2021-2022 Q5a
      2021-2022 Q5b
      2021-2022 Q5c
      2021-2022 Q5d
      2020-2021 Q1a
      2020-2021 Q1b
      2020-2021 Q1c
      2020-2021 Q2a
      2020-2021 Q2b
      2020-2021 Q2c
      2020-2021 Q3a
      2020-2021 Q3b
      2020-2021 Q3c
      2020-2021 Q4a
      2020-2021 Q4b
      2020-2021 Q5b
VERBATIM GATE: FAIL
HOUSE-STYLE GATE: pass
  . no em/en dashes
  . no institution branding or pedagogy source named
  . reserved colour reserved
  . all code monospace
  . no code line over 87 columns
  . every CSS content glyph is intact and present in the bundled fonts
FIRST-USE AUDIT: 44 of 57 declared notations used across 73 sections
  x 6 used before their meaning is written out:
Traceback (most recent call last):
  File "C:\Users\victo\OneDrive\Documents\CU\Actual Coursework\200 Level\200 - Omega Semester\manual_composer\courses\CSC242 - Discrete Structures\build\assemble.py", line 324, in <module>
    main()
    ~~~~^^
  File "C:\Users\victo\OneDrive\Documents\CU\Actual Coursework\200 Level\200 - Omega Semester\manual_composer\courses\CSC242 - Discrete Structures\build\assemble.py", line 276, in main
    if not qa_firstuse.report(draft) and '--skip-firstuse' not in sys.argv:
           ~~~~~~~~~~~~~~~~~~^^^^^^^
  File "C:\Users\victo\OneDrive\Documents\CU\Actual Coursework\200 Level\200 - Omega Semester\manual_composer\courses\CSC242 - Discrete Structures\build\qa_firstuse.py", line 264, in report
    print(f'      {k!r:14} ({kind}) first used in {u}, first taught only in {t}')
    ~~~~~^^^^^^^^^^^^^^^^^^^^^^^^^^^^^^^^^^^^^^^^^^^^^^^^^^^^^^^^^^^^^^^^^^^^^^^^
  File "C:\Users\victo\AppData\Local\Programs\Python\Python313\Lib\encodings\cp1252.py", line 19, in encode
    return codecs.charmap_encode(input,self.errors,encoding_table)[0]
           ~~~~~~~~~~~~~~~~~~~~~^^^^^^^^^^^^^^^^^^^^^^^^^^^^^^^^^^
UnicodeEncodeError: 'charmap' codec can't encode character '\u2194' in position 7: character maps to <undefined>
